[2026-02-04 21:19:39]LOGIN_ATTEMPT: engineer - true
[2026-02-04 21:19:39]LOGIN_ATTEMPT: engineer - true
[2026-02-04 21:19:39]LOGIN_ATTEMPT: engineer - false - MFAVIOLATION
[2026-02-04 21:19:39]LOGIN_ATTEMPT: engineer - true
[2026-02-04 21:19:39]LOGIN_ATTEMPT: engineer - true
[2026-02-04 21:19:39]LOGIN_ATTEMPT: engineer - true
[2026-02-04 21:19:39]LOGIN_ATTEMPT: engineer - false - MFAVIOLATION
[2026-02-04 21:19:39]LOGIN_ATTEMPT: engineer - true
[2026-02-04 21:19:57]LOGIN_ATTEMPT: engineer - true
[2026-02-04 21:19:57]LOGIN_ATTEMPT: engineer - true
[2026-02-04 21:19:57]LOGIN_ATTEMPT: engineer - true
[2026-02-04 21:19:57]LOGIN_ATTEMPT: engineer - true
[2026-02-09 19:48:51]LOGIN_ATTEMPT: scientist - true
[2026-02-09 19:48:51]LOGIN_ATTEMPT: scientist - true
[2026-02-09 19:48:51]LOGIN_ATTEMPT: scientist - true
[2026-02-09 19:48:51]LOGIN_ATTEMPT: scientist - true
[2026-03-01 19:52:51]LOGIN_ATTEMPT: scientist - true
[2026-03-01 19:52:51]LOGIN_ATTEMPT: scientist - true
[2026-03-01 19:54:25]LOGIN_ATTEMPT: sci - true
[2026-03-01 19:54:25]LOGIN_ATTEMPT: sci - true
[2026-03-01 20:01:17]LOGIN_ATTEMPT: sci - true
[2026-03-01 20:01:17]LOGIN_ATTEMPT: sci - true
[2026-03-01 20:04:45]LOGIN_ATTEMPT: scient - false - PASSWORDPOLICYVIOLATION
[2026-03-01 20:04:45]LOGIN_ATTEMPT: scient - false - PASSWORDPOLICYVIOLATION
[2026-03-01 20:07:58]LOGIN_ATTEMPT: sidb - false - PASSWORDPOLICYVIOLATION
[2026-03-01 20:07:58]LOGIN_ATTEMPT: sidb - false - PASSWORDPOLICYVIOLATION
[2026-03-01 20:08:38]LOGIN_ATTEMPT: diqbqiu - false - PASSWORDPOLICYVIOLATION
[2026-03-01 20:08:38]LOGIN_ATTEMPT: diqbqiu - false - PASSWORDPOLICYVIOLATION
[2026-03-01 20:09:01]LOGIN_ATTEMPT: fiubfqiwu - false - PASSWORDPOLICYVIOLATION
[2026-03-01 20:09:01]LOGIN_ATTEMPT: fiubfqiwu - false - PASSWORDPOLICYVIOLATION
[2026-03-01 20:58:25]LOGIN_ATTEMPT: sicur - false - PASSWORDPOLICYVIOLATION
[2026-03-01 20:58:25]LOGIN_ATTEMPT: sicur - false - PASSWORDPOLICYVIOLATION
[2026-03-01 20:58:32]LOGIN_ATTEMPT: sicur - false - PASSWORDPOLICYVIOLATION
[2026-03-01 20:58:32]LOGIN_ATTEMPT: sicur - false - PASSWORDPOLICYVIOLATION
[2026-03-01 20:59:20]LOGIN_ATTEMPT: qhfib - false - PASSWORDPOLICYVIOLATION
[2026-03-01 20:59:20]LOGIN_ATTEMPT: qhfib - false - PASSWORDPOLICYVIOLATION
[2026-03-01 20:59:27]LOGIN_ATTEMPT: qhfib - false - PASSWORDPOLICYVIOLATION
[2026-03-01 20:59:27]LOGIN_ATTEMPT: qhfib - false - PASSWORDPOLICYVIOLATION
[2026-03-01 21:00:59]LOGIN_ATTEMPT: blah - false - PASSWORDPOLICYVIOLATION
[2026-03-01 21:00:59]LOGIN_ATTEMPT: blah - false - PASSWORDPOLICYVIOLATION
[2026-03-01 21:01:05]LOGIN_ATTEMPT: blah - false - PASSWORDPOLICYVIOLATION
[2026-03-01 21:01:05]LOGIN_ATTEMPT: blah - false - PASSWORDPOLICYVIOLATION
[2026-03-01 21:03:20]LOGIN_ATTEMPT: blah - false - PASSWORDPOLICYVIOLATION
[2026-03-01 21:03:20]LOGIN_ATTEMPT: blah - false - PASSWORDPOLICYVIOLATION
[2026-03-01 21:03:23]LOGIN_ATTEMPT: blah - false - PASSWORDPOLICYVIOLATION
[2026-03-01 21:03:23]LOGIN_ATTEMPT: blah - false - PASSWORDPOLICYVIOLATION
[2026-03-01 21:20:37]LOGIN_ATTEMPT: scientist - true
[2026-03-01 21:20:37]LOGIN_ATTEMPT: scientist - true
[2026-03-01 21:20:37]LOGIN_ATTEMPT: scientist - true
[2026-03-01 21:20:38]LOGIN_ATTEMPT: scientist - false - COULDNOTAUTHENTICATEUSER
[2026-03-01 21:20:38]LOGIN_ATTEMPT: scientist - false - COULDNOTAUTHENTICATEUSER
[2026-03-01 21:22:35]LOGIN_ATTEMPT: scientist - true
[2026-03-01 21:22:35]LOGIN_ATTEMPT: scientist - true
[2026-03-01 21:22:35]LOGIN_ATTEMPT: scientist - true
[2026-03-01 21:22:35]LOGIN_ATTEMPT: scientist - false - COULDNOTAUTHENTICATEUSER
[2026-03-01 21:22:35]LOGIN_ATTEMPT: scientist - false - COULDNOTAUTHENTICATEUSER
[2026-03-01 21:27:36]LOGIN_ATTEMPT: scientist - true
[2026-03-01 21:27:36]LOGIN_ATTEMPT: scientist - true
[2026-03-01 21:27:36]LOGIN_ATTEMPT: scientist - true
[2026-03-01 21:27:36]LOGIN_ATTEMPT: scientist - false - COULDNOTAUTHENTICATEUSER
[2026-03-01 21:27:36]LOGIN_ATTEMPT: scientist - false - COULDNOTAUTHENTICATEUSER
[2026-03-01 21:33:24]LOGIN_ATTEMPT: scientist - true
[2026-03-01 21:33:24]LOGIN_ATTEMPT: scientist - true
[2026-03-01 21:33:24]LOGIN_ATTEMPT: scientist - true
[2026-03-01 21:33:24]LOGIN_ATTEMPT: scientist - true
[2026-03-01 21:33:40]LOGIN_ATTEMPT: user - true
[2026-03-01 21:33:40]LOGIN_ATTEMPT: user - true
[2026-03-08 15:15:22]LOGIN_ATTEMPT: scientist - false - PASSWORDPOLICYVIOLATION
[2026-03-08 15:15:22]LOGIN_ATTEMPT: scientist - false - PASSWORDPOLICYVIOLATION
[2026-03-08 15:37:18]LOGIN_ATTEMPT:  - true
[2026-03-08 15:37:18]LOGIN_ATTEMPT:  - true
[2026-03-08 15:37:18]LOGIN_ATTEMPT:  - false - PASSWORDPOLICYVIOLATION
[2026-03-08 15:37:18]LOGIN_ATTEMPT:  - true
[2026-03-08 15:37:18]LOGIN_ATTEMPT:  - false - PASSWORDPOLICYVIOLATION
[2026-03-08 15:37:18]LOGIN_ATTEMPT:  - false - PASSWORDPOLICYVIOLATION
[2026-03-08 15:37:18]LOGIN_ATTEMPT:  - false - PASSWORDPOLICYVIOLATION
[2026-03-08 15:37:18]LOGIN_ATTEMPT:  - false - PASSWORDPOLICYVIOLATION
